2026-06-24 13:54:19 [INFO] GET / 200 7ms
2026-06-24 13:54:19 [INFO] HTTP Request: GET http://testserver/ "HTTP/1.1 200 OK"
2026-06-24 13:54:19 [INFO] GET /login 200 2ms
2026-06-24 13:54:19 [INFO] HTTP Request: GET http://testserver/login "HTTP/1.1 200 OK"
2026-06-24 13:54:19 [INFO] GET /register 200 3ms
2026-06-24 13:54:19 [INFO] HTTP Request: GET http://testserver/register "HTTP/1.1 200 OK"
2026-06-24 13:54:19 [INFO] GET /api/dm/user-characters 303 1ms
2026-06-24 13:54:19 [INFO] HTTP Request: GET http://testserver/api/dm/user-characters "HTTP/1.1 303 See Other"
2026-06-24 13:54:19 [INFO] GET /login 200 0ms
2026-06-24 13:54:19 [INFO] HTTP Request: GET http://testserver/login "HTTP/1.1 200 OK"
2026-06-24 13:54:20 [INFO] GET /api/dm/user-characters 200 2ms
2026-06-24 13:54:20 [INFO] HTTP Request: GET http://testserver/api/dm/user-characters "HTTP/1.1 200 OK"
2026-06-24 13:54:21 [INFO] GET /create 200 31ms
2026-06-24 13:54:21 [INFO] HTTP Request: GET http://testserver/create "HTTP/1.1 200 OK"
2026-06-24 13:54:22 [INFO] GET /api/dm/npcs 200 22ms
2026-06-24 13:54:22 [INFO] HTTP Request: GET http://testserver/api/dm/npcs "HTTP/1.1 200 OK"
2026-06-24 13:54:22 [INFO] GET /api/dm/npcs 303 0ms
2026-06-24 13:54:22 [INFO] HTTP Request: GET http://testserver/api/dm/npcs "HTTP/1.1 303 See Other"
2026-06-24 13:54:22 [INFO] GET /login 200 1ms
2026-06-24 13:54:22 [INFO] HTTP Request: GET http://testserver/login "HTTP/1.1 200 OK"
2026-06-24 13:54:23 [INFO] GET /api/dm/monsters 200 163ms
2026-06-24 13:54:23 [INFO] HTTP Request: GET http://testserver/api/dm/monsters "HTTP/1.1 200 OK"
2026-06-24 13:54:24 [INFO] GET /api/dm/monsters 200 102ms
2026-06-24 13:54:24 [INFO] HTTP Request: GET http://testserver/api/dm/monsters "HTTP/1.1 200 OK"
2026-06-24 13:54:25 [INFO] GET /api/dm/encounters 200 2ms
2026-06-24 13:54:25 [INFO] HTTP Request: GET http://testserver/api/dm/encounters "HTTP/1.1 200 OK"
2026-06-24 13:54:26 [INFO] POST /api/dm/encounter/create 200 3ms
2026-06-24 13:54:26 [INFO] HTTP Request: POST http://testserver/api/dm/encounter/create "HTTP/1.1 200 OK"
2026-06-24 13:54:27 [INFO] GET /create 200 5ms
2026-06-24 13:54:27 [INFO] HTTP Request: GET http://testserver/create "HTTP/1.1 200 OK"
2026-06-24 13:54:28 [INFO] GET /api/user/characters 404 0ms
2026-06-24 13:54:28 [INFO] HTTP Request: GET http://testserver/api/user/characters "HTTP/1.1 404 Not Found"
2026-06-24 13:54:40 [INFO] GET /character/81 200 445ms
2026-06-24 13:55:40 [INFO] GET /dm 404 0ms
2026-06-24 13:55:46 [INFO] GET /dm-tools 200 217ms
2026-06-24 13:55:55 [INFO] GET /character/81 200 16ms
2026-06-24 13:55:55 [INFO] GET /create 303 2ms
2026-06-24 13:55:55 [INFO] GET /dashboard 303 2ms
2026-06-24 13:56:28 [INFO] GET /create 303 1ms
2026-06-24 13:56:28 [INFO] GET /character/81 200 13ms
2026-06-24 13:56:28 [INFO] GET /dm-tools 303 2ms
2026-06-24 13:56:34 [INFO] GET /create 200 16ms
2026-06-24 13:56:34 [INFO] GET /dm-tools 200 90ms
2026-06-24 13:56:34 [INFO] GET /character/81 200 13ms
2026-06-24 13:57:16 [INFO] GET /character/81 200 366ms
2026-06-24 13:57:16 [INFO] GET /create 200 5ms
2026-06-24 13:57:16 [INFO] GET /dm-tools 200 90ms
2026-06-24 13:58:15 [INFO] GET /dm-tools 200 87ms
2026-06-24 13:58:16 [INFO] GET /static/dm_tools.js 404 1ms
2026-06-24 13:58:17 [INFO] GET / 303 2ms
2026-06-24 13:58:17 [INFO] GET /dashboard 200 64ms
2026-06-24 13:58:19 [INFO] GET /character/97 200 118ms
2026-06-24 13:58:20 [INFO] GET /static/sheet.js 404 0ms
2026-06-24 13:58:33 [INFO] GET / 200 7ms
2026-06-24 13:58:33 [INFO] HTTP Request: GET http://testserver/ "HTTP/1.1 200 OK"
2026-06-24 13:58:33 [INFO] GET /login 200 2ms
2026-06-24 13:58:33 [INFO] HTTP Request: GET http://testserver/login "HTTP/1.1 200 OK"
2026-06-24 13:58:33 [INFO] GET /register 200 3ms
2026-06-24 13:58:33 [INFO] HTTP Request: GET http://testserver/register "HTTP/1.1 200 OK"
2026-06-24 13:58:33 [INFO] GET /api/dm/user-characters 303 1ms
2026-06-24 13:58:33 [INFO] HTTP Request: GET http://testserver/api/dm/user-characters "HTTP/1.1 303 See Other"
2026-06-24 13:58:33 [INFO] GET /login 200 0ms
2026-06-24 13:58:33 [INFO] HTTP Request: GET http://testserver/login "HTTP/1.1 200 OK"
2026-06-24 13:58:34 [INFO] GET /api/dm/user-characters 200 2ms
2026-06-24 13:58:34 [INFO] HTTP Request: GET http://testserver/api/dm/user-characters "HTTP/1.1 200 OK"
2026-06-24 13:58:35 [INFO] GET /create 200 21ms
2026-06-24 13:58:35 [INFO] HTTP Request: GET http://testserver/create "HTTP/1.1 200 OK"
2026-06-24 13:58:36 [INFO] GET /api/dm/npcs 200 24ms
2026-06-24 13:58:36 [INFO] HTTP Request: GET http://testserver/api/dm/npcs "HTTP/1.1 200 OK"
2026-06-24 13:58:36 [INFO] GET /api/dm/npcs 303 0ms
2026-06-24 13:58:36 [INFO] HTTP Request: GET http://testserver/api/dm/npcs "HTTP/1.1 303 See Other"
2026-06-24 13:58:36 [INFO] GET /login 200 0ms
2026-06-24 13:58:36 [INFO] HTTP Request: GET http://testserver/login "HTTP/1.1 200 OK"
2026-06-24 13:58:37 [INFO] GET /character/97 200 95ms
2026-06-24 13:58:37 [INFO] GET /api/dm/monsters 200 168ms
2026-06-24 13:58:37 [INFO] HTTP Request: GET http://testserver/api/dm/monsters "HTTP/1.1 200 OK"
2026-06-24 13:58:39 [INFO] GET /api/dm/monsters 200 70ms
2026-06-24 13:58:39 [INFO] HTTP Request: GET http://testserver/api/dm/monsters "HTTP/1.1 200 OK"
2026-06-24 13:58:40 [INFO] GET /api/dm/encounters 200 2ms
2026-06-24 13:58:40 [INFO] HTTP Request: GET http://testserver/api/dm/encounters "HTTP/1.1 200 OK"
2026-06-24 13:58:41 [INFO] POST /api/dm/encounter/create 200 4ms
2026-06-24 13:58:41 [INFO] HTTP Request: POST http://testserver/api/dm/encounter/create "HTTP/1.1 200 OK"
2026-06-24 13:58:42 [INFO] GET /create 200 5ms
2026-06-24 13:58:42 [INFO] HTTP Request: GET http://testserver/create "HTTP/1.1 200 OK"
2026-06-24 13:58:43 [INFO] GET /api/user/characters 404 0ms
2026-06-24 13:58:43 [INFO] HTTP Request: GET http://testserver/api/user/characters "HTTP/1.1 404 Not Found"
2026-06-24 13:58:44 [ERROR] GET /character/1 500 9ms | KeyError: 'expertise_skills'
Traceback (most recent call last):
  File "/home/james/dnd-character-manager/main.py", line 1456, in log_requests
    response = await call_next(request)
               ^^^^^^^^^^^^^^^^^^^^^^^^
  File "/home/james/dnd-character-manager/.venv/lib/python3.13/site-packages/starlette/middleware/base.py", line 168, in call_next
    raise app_exc from app_exc.__cause__ or app_exc.__context__
  File "/home/james/dnd-character-manager/.venv/lib/python3.13/site-packages/starlette/middleware/base.py", line 144, in coro
    await self.app(scope, receive_or_disconnect, send_no_error)
  File "/home/james/dnd-character-manager/.venv/lib/python3.13/site-packages/starlette/middleware/exceptions.py", line 63, in __call__
    await wrap_app_handling_exceptions(self.app, conn)(scope, receive, send)
  File "/home/james/dnd-character-manager/.venv/lib/python3.13/site-packages/starlette/_exception_handler.py", line 53, in wrapped_app
    raise exc
  File "/home/james/dnd-character-manager/.venv/lib/python3.13/site-packages/starlette/_exception_handler.py", line 42, in wrapped_app
    await app(scope, receive, sender)
  File "/home/james/dnd-character-manager/.venv/lib/python3.13/site-packages/fastapi/middleware/asyncexitstack.py", line 18, in __call__
    await self.app(scope, receive, send)
  File "/home/james/dnd-character-manager/.venv/lib/python3.13/site-packages/starlette/routing.py", line 660, in __call__
    await self.middleware_stack(scope, receive, send)
  File "/home/james/dnd-character-manager/.venv/lib/python3.13/site-packages/starlette/routing.py", line 680, in app
    await route.handle(scope, receive, send)
  File "/home/james/dnd-character-manager/.venv/lib/python3.13/site-packages/starlette/routing.py", line 276, in handle
    await self.app(scope, receive, send)
  File "/home/james/dnd-character-manager/.venv/lib/python3.13/site-packages/fastapi/routing.py", line 134, in app
    await wrap_app_handling_exceptions(app, request)(scope, receive, send)
  File "/home/james/dnd-character-manager/.venv/lib/python3.13/site-packages/starlette/_exception_handler.py", line 53, in wrapped_app
    raise exc
  File "/home/james/dnd-character-manager/.venv/lib/python3.13/site-packages/starlette/_exception_handler.py", line 42, in wrapped_app
    await app(scope, receive, sender)
  File "/home/james/dnd-character-manager/.venv/lib/python3.13/site-packages/fastapi/routing.py", line 120, in app
    response = await f(request)
               ^^^^^^^^^^^^^^^^
  File "/home/james/dnd-character-manager/.venv/lib/python3.13/site-packages/fastapi/routing.py", line 674, in app
    raw_response = await run_endpoint_function(
                   ^^^^^^^^^^^^^^^^^^^^^^^^^^^^
    ...<3 lines>...
    )
    ^
  File "/home/james/dnd-character-manager/.venv/lib/python3.13/site-packages/fastapi/routing.py", line 328, in run_endpoint_function
    return await dependant.call(**values)
           ^^^^^^^^^^^^^^^^^^^^^^^^^^^^^^
  File "/home/james/dnd-character-manager/main.py", line 7395, in character_sheet
    char[f] = json.loads(char[f])
                         ~~~~^^^
KeyError: 'expertise_skills'
2026-06-24 13:58:44 [INFO] HTTP Request: GET http://testserver/character/1 "HTTP/1.1 500 Internal Server Error"
2026-06-24 13:58:45 [ERROR] GET /character/1 500 3ms | KeyError: 'expertise_skills'
Traceback (most recent call last):
  File "/home/james/dnd-character-manager/main.py", line 1456, in log_requests
    response = await call_next(request)
               ^^^^^^^^^^^^^^^^^^^^^^^^
  File "/home/james/dnd-character-manager/.venv/lib/python3.13/site-packages/starlette/middleware/base.py", line 168, in call_next
    raise app_exc from app_exc.__cause__ or app_exc.__context__
  File "/home/james/dnd-character-manager/.venv/lib/python3.13/site-packages/starlette/middleware/base.py", line 144, in coro
    await self.app(scope, receive_or_disconnect, send_no_error)
  File "/home/james/dnd-character-manager/.venv/lib/python3.13/site-packages/starlette/middleware/exceptions.py", line 63, in __call__
    await wrap_app_handling_exceptions(self.app, conn)(scope, receive, send)
  File "/home/james/dnd-character-manager/.venv/lib/python3.13/site-packages/starlette/_exception_handler.py", line 53, in wrapped_app
    raise exc
  File "/home/james/dnd-character-manager/.venv/lib/python3.13/site-packages/starlette/_exception_handler.py", line 42, in wrapped_app
    await app(scope, receive, sender)
  File "/home/james/dnd-character-manager/.venv/lib/python3.13/site-packages/fastapi/middleware/asyncexitstack.py", line 18, in __call__
    await self.app(scope, receive, send)
  File "/home/james/dnd-character-manager/.venv/lib/python3.13/site-packages/starlette/routing.py", line 660, in __call__
    await self.middleware_stack(scope, receive, send)
  File "/home/james/dnd-character-manager/.venv/lib/python3.13/site-packages/starlette/routing.py", line 680, in app
    await route.handle(scope, receive, send)
  File "/home/james/dnd-character-manager/.venv/lib/python3.13/site-packages/starlette/routing.py", line 276, in handle
    await self.app(scope, receive, send)
  File "/home/james/dnd-character-manager/.venv/lib/python3.13/site-packages/fastapi/routing.py", line 134, in app
    await wrap_app_handling_exceptions(app, request)(scope, receive, send)
  File "/home/james/dnd-character-manager/.venv/lib/python3.13/site-packages/starlette/_exception_handler.py", line 53, in wrapped_app
    raise exc
  File "/home/james/dnd-character-manager/.venv/lib/python3.13/site-packages/starlette/_exception_handler.py", line 42, in wrapped_app
    await app(scope, receive, sender)
  File "/home/james/dnd-character-manager/.venv/lib/python3.13/site-packages/fastapi/routing.py", line 120, in app
    response = await f(request)
               ^^^^^^^^^^^^^^^^
  File "/home/james/dnd-character-manager/.venv/lib/python3.13/site-packages/fastapi/routing.py", line 674, in app
    raw_response = await run_endpoint_function(
                   ^^^^^^^^^^^^^^^^^^^^^^^^^^^^
    ...<3 lines>...
    )
    ^
  File "/home/james/dnd-character-manager/.venv/lib/python3.13/site-packages/fastapi/routing.py", line 328, in run_endpoint_function
    return await dependant.call(**values)
           ^^^^^^^^^^^^^^^^^^^^^^^^^^^^^^
  File "/home/james/dnd-character-manager/main.py", line 7395, in character_sheet
    char[f] = json.loads(char[f])
                         ~~~~^^^
KeyError: 'expertise_skills'
2026-06-24 13:58:45 [INFO] HTTP Request: GET http://testserver/character/1 "HTTP/1.1 500 Internal Server Error"
2026-06-24 13:58:53 [INFO] GET /character/81 200 20ms
2026-06-24 13:58:53 [INFO] GET /dm-tools 303 2ms
2026-06-24 13:58:53 [INFO] GET /create 303 2ms
2026-06-24 13:58:53 [INFO] GET /api/dm/user-characters 303 2ms
2026-06-24 13:58:53 [INFO] GET /api/dm/monsters 303 2ms
2026-06-24 13:59:07 [INFO] GET /dm-tools 200 130ms
2026-06-24 13:59:07 [INFO] GET /create 200 6ms
2026-06-24 13:59:07 [INFO] GET /api/dm/user-characters 200 2ms
2026-06-24 13:59:07 [INFO] GET /api/dm/monsters 200 83ms
2026-06-24 13:59:07 [INFO] GET /api/dm/npcs 200 34ms
2026-06-24 14:00:19 [INFO] GET /character/81 200 16ms
2026-06-24 14:00:19 [INFO] GET /static/sheet.js 404 1ms
2026-06-24 14:00:19 [INFO] GET /static/create.js 404 1ms
2026-06-24 14:00:19 [INFO] GET /static/dm_tools.js 404 0ms
2026-06-24 14:00:58 [INFO] GET /static/sheet.js 200 12ms
2026-06-24 14:00:58 [INFO] GET /static/create.js 200 1ms
2026-06-24 14:00:58 [INFO] GET /static/dm_tools.js 200 1ms
2026-06-24 14:01:08 [INFO] GET /character/81 200 506ms
2026-06-24 14:01:16 [INFO] GET /character/81 200 15ms
2026-06-24 14:01:16 [INFO] GET /dm-tools 200 248ms
2026-06-24 14:01:16 [INFO] GET /create 200 19ms
2026-06-24 14:01:16 [INFO] GET /dashboard 200 67ms
2026-06-24 14:01:16 [INFO] GET /login 200 4ms
2026-06-24 14:01:42 [INFO] GET /character/97 200 98ms
2026-06-24 14:01:42 [INFO] GET /static/sheet.js 200 1ms
2026-06-24 14:01:52 [INFO] GET /character/97 200 85ms
2026-06-24 14:03:00 [INFO] GET /character/81 200 14ms
2026-06-24 14:03:06 [INFO] GET /character/81 200 43ms
2026-06-24 14:04:16 [INFO] GET /character/81 200 337ms
2026-06-24 14:04:22 [INFO] GET /character/81 200 22ms
2026-06-24 14:04:22 [INFO] GET /dm-tools 200 94ms
2026-06-24 14:04:22 [INFO] GET /create 200 6ms
2026-06-24 14:04:47 [INFO] GET /character/97 200 89ms
2026-06-24 14:04:57 [INFO] GET / 303 2ms
2026-06-24 14:04:57 [INFO] GET /dashboard 200 57ms
2026-06-24 14:05:00 [INFO] GET /character/87 200 51ms
2026-06-24 14:06:22 [INFO] GET /character/81 200 16ms
2026-06-24 14:06:43 [INFO] GET /character/81 200 12ms
2026-06-24 14:07:39 [INFO] GET /character/81 200 395ms
2026-06-24 14:07:40 [INFO] GET / 200 7ms
2026-06-24 14:07:40 [INFO] HTTP Request: GET http://testserver/ "HTTP/1.1 200 OK"
2026-06-24 14:07:40 [INFO] GET /login 200 4ms
2026-06-24 14:07:40 [INFO] HTTP Request: GET http://testserver/login "HTTP/1.1 200 OK"
2026-06-24 14:07:40 [INFO] GET /register 200 2ms
2026-06-24 14:07:40 [INFO] HTTP Request: GET http://testserver/register "HTTP/1.1 200 OK"
2026-06-24 14:07:40 [INFO] GET /api/dm/user-characters 303 1ms
2026-06-24 14:07:40 [INFO] HTTP Request: GET http://testserver/api/dm/user-characters "HTTP/1.1 303 See Other"
2026-06-24 14:07:40 [INFO] GET /login 200 0ms
2026-06-24 14:07:40 [INFO] HTTP Request: GET http://testserver/login "HTTP/1.1 200 OK"
2026-06-24 14:07:41 [INFO] GET /api/dm/user-characters 200 2ms
2026-06-24 14:07:41 [INFO] HTTP Request: GET http://testserver/api/dm/user-characters "HTTP/1.1 200 OK"
2026-06-24 14:07:42 [INFO] GET /create 200 29ms
2026-06-24 14:07:42 [INFO] HTTP Request: GET http://testserver/create "HTTP/1.1 200 OK"
2026-06-24 14:07:43 [INFO] GET /api/dm/npcs 200 23ms
2026-06-24 14:07:43 [INFO] HTTP Request: GET http://testserver/api/dm/npcs "HTTP/1.1 200 OK"
2026-06-24 14:07:43 [INFO] GET /api/dm/npcs 303 0ms
2026-06-24 14:07:43 [INFO] HTTP Request: GET http://testserver/api/dm/npcs "HTTP/1.1 303 See Other"
2026-06-24 14:07:43 [INFO] GET /login 200 0ms
2026-06-24 14:07:43 [INFO] HTTP Request: GET http://testserver/login "HTTP/1.1 200 OK"
2026-06-24 14:07:44 [INFO] GET /api/dm/monsters 200 159ms
2026-06-24 14:07:44 [INFO] HTTP Request: GET http://testserver/api/dm/monsters "HTTP/1.1 200 OK"
2026-06-24 14:07:45 [INFO] GET /api/dm/monsters 200 73ms
2026-06-24 14:07:45 [INFO] HTTP Request: GET http://testserver/api/dm/monsters "HTTP/1.1 200 OK"
2026-06-24 14:07:47 [INFO] GET /api/dm/encounters 200 2ms
2026-06-24 14:07:47 [INFO] HTTP Request: GET http://testserver/api/dm/encounters "HTTP/1.1 200 OK"
2026-06-24 14:07:48 [INFO] POST /api/dm/encounter/create 200 3ms
2026-06-24 14:07:48 [INFO] HTTP Request: POST http://testserver/api/dm/encounter/create "HTTP/1.1 200 OK"
2026-06-24 14:07:49 [INFO] GET /create 200 9ms
2026-06-24 14:07:49 [INFO] HTTP Request: GET http://testserver/create "HTTP/1.1 200 OK"
2026-06-24 14:07:50 [INFO] GET /api/user/characters 404 0ms
2026-06-24 14:07:50 [INFO] HTTP Request: GET http://testserver/api/user/characters "HTTP/1.1 404 Not Found"
2026-06-24 14:07:51 [ERROR] GET /character/1 500 9ms | KeyError: 'expertise_skills'
Traceback (most recent call last):
  File "/home/james/dnd-character-manager/main.py", line 1460, in log_requests
    response = await call_next(request)
               ^^^^^^^^^^^^^^^^^^^^^^^^
  File "/home/james/dnd-character-manager/.venv/lib/python3.13/site-packages/starlette/middleware/base.py", line 168, in call_next
    raise app_exc from app_exc.__cause__ or app_exc.__context__
  File "/home/james/dnd-character-manager/.venv/lib/python3.13/site-packages/starlette/middleware/base.py", line 144, in coro
    await self.app(scope, receive_or_disconnect, send_no_error)
  File "/home/james/dnd-character-manager/.venv/lib/python3.13/site-packages/starlette/middleware/exceptions.py", line 63, in __call__
    await wrap_app_handling_exceptions(self.app, conn)(scope, receive, send)
  File "/home/james/dnd-character-manager/.venv/lib/python3.13/site-packages/starlette/_exception_handler.py", line 53, in wrapped_app
    raise exc
  File "/home/james/dnd-character-manager/.venv/lib/python3.13/site-packages/starlette/_exception_handler.py", line 42, in wrapped_app
    await app(scope, receive, sender)
  File "/home/james/dnd-character-manager/.venv/lib/python3.13/site-packages/fastapi/middleware/asyncexitstack.py", line 18, in __call__
    await self.app(scope, receive, send)
  File "/home/james/dnd-character-manager/.venv/lib/python3.13/site-packages/starlette/routing.py", line 660, in __call__
    await self.middleware_stack(scope, receive, send)
  File "/home/james/dnd-character-manager/.venv/lib/python3.13/site-packages/starlette/routing.py", line 680, in app
    await route.handle(scope, receive, send)
  File "/home/james/dnd-character-manager/.venv/lib/python3.13/site-packages/starlette/routing.py", line 276, in handle
    await self.app(scope, receive, send)
  File "/home/james/dnd-character-manager/.venv/lib/python3.13/site-packages/fastapi/routing.py", line 134, in app
    await wrap_app_handling_exceptions(app, request)(scope, receive, send)
  File "/home/james/dnd-character-manager/.venv/lib/python3.13/site-packages/starlette/_exception_handler.py", line 53, in wrapped_app
    raise exc
  File "/home/james/dnd-character-manager/.venv/lib/python3.13/site-packages/starlette/_exception_handler.py", line 42, in wrapped_app
    await app(scope, receive, sender)
  File "/home/james/dnd-character-manager/.venv/lib/python3.13/site-packages/fastapi/routing.py", line 120, in app
    response = await f(request)
               ^^^^^^^^^^^^^^^^
  File "/home/james/dnd-character-manager/.venv/lib/python3.13/site-packages/fastapi/routing.py", line 674, in app
    raw_response = await run_endpoint_function(
                   ^^^^^^^^^^^^^^^^^^^^^^^^^^^^
    ...<3 lines>...
    )
    ^
  File "/home/james/dnd-character-manager/.venv/lib/python3.13/site-packages/fastapi/routing.py", line 328, in run_endpoint_function
    return await dependant.call(**values)
           ^^^^^^^^^^^^^^^^^^^^^^^^^^^^^^
  File "/home/james/dnd-character-manager/main.py", line 7399, in character_sheet
    char[f] = json.loads(char[f])
                         ~~~~^^^
KeyError: 'expertise_skills'
2026-06-24 14:07:51 [INFO] HTTP Request: GET http://testserver/character/1 "HTTP/1.1 500 Internal Server Error"
2026-06-24 14:07:52 [ERROR] GET /character/1 500 2ms | KeyError: 'expertise_skills'
Traceback (most recent call last):
  File "/home/james/dnd-character-manager/main.py", line 1460, in log_requests
    response = await call_next(request)
               ^^^^^^^^^^^^^^^^^^^^^^^^
  File "/home/james/dnd-character-manager/.venv/lib/python3.13/site-packages/starlette/middleware/base.py", line 168, in call_next
    raise app_exc from app_exc.__cause__ or app_exc.__context__
  File "/home/james/dnd-character-manager/.venv/lib/python3.13/site-packages/starlette/middleware/base.py", line 144, in coro
    await self.app(scope, receive_or_disconnect, send_no_error)
  File "/home/james/dnd-character-manager/.venv/lib/python3.13/site-packages/starlette/middleware/exceptions.py", line 63, in __call__
    await wrap_app_handling_exceptions(self.app, conn)(scope, receive, send)
  File "/home/james/dnd-character-manager/.venv/lib/python3.13/site-packages/starlette/_exception_handler.py", line 53, in wrapped_app
    raise exc
  File "/home/james/dnd-character-manager/.venv/lib/python3.13/site-packages/starlette/_exception_handler.py", line 42, in wrapped_app
    await app(scope, receive, sender)
  File "/home/james/dnd-character-manager/.venv/lib/python3.13/site-packages/fastapi/middleware/asyncexitstack.py", line 18, in __call__
    await self.app(scope, receive, send)
  File "/home/james/dnd-character-manager/.venv/lib/python3.13/site-packages/starlette/routing.py", line 660, in __call__
    await self.middleware_stack(scope, receive, send)
  File "/home/james/dnd-character-manager/.venv/lib/python3.13/site-packages/starlette/routing.py", line 680, in app
    await route.handle(scope, receive, send)
  File "/home/james/dnd-character-manager/.venv/lib/python3.13/site-packages/starlette/routing.py", line 276, in handle
    await self.app(scope, receive, send)
  File "/home/james/dnd-character-manager/.venv/lib/python3.13/site-packages/fastapi/routing.py", line 134, in app
    await wrap_app_handling_exceptions(app, request)(scope, receive, send)
  File "/home/james/dnd-character-manager/.venv/lib/python3.13/site-packages/starlette/_exception_handler.py", line 53, in wrapped_app
    raise exc
  File "/home/james/dnd-character-manager/.venv/lib/python3.13/site-packages/starlette/_exception_handler.py", line 42, in wrapped_app
    await app(scope, receive, sender)
  File "/home/james/dnd-character-manager/.venv/lib/python3.13/site-packages/fastapi/routing.py", line 120, in app
    response = await f(request)
               ^^^^^^^^^^^^^^^^
  File "/home/james/dnd-character-manager/.venv/lib/python3.13/site-packages/fastapi/routing.py", line 674, in app
    raw_response = await run_endpoint_function(
                   ^^^^^^^^^^^^^^^^^^^^^^^^^^^^
    ...<3 lines>...
    )
    ^
  File "/home/james/dnd-character-manager/.venv/lib/python3.13/site-packages/fastapi/routing.py", line 328, in run_endpoint_function
    return await dependant.call(**values)
           ^^^^^^^^^^^^^^^^^^^^^^^^^^^^^^
  File "/home/james/dnd-character-manager/main.py", line 7399, in character_sheet
    char[f] = json.loads(char[f])
                         ~~~~^^^
KeyError: 'expertise_skills'
2026-06-24 14:07:52 [INFO] HTTP Request: GET http://testserver/character/1 "HTTP/1.1 500 Internal Server Error"
