[2026-09-24 12:50:36] starting sweep: 1 book(s); totals before {'races': 76, 'spells': 324, 'magic_items': 752, 'equipment': 212, 'monsters': 1570, 'npcs': 414, 'feats': 99, 'backgrounds': 53, 'subclasses': 94, 'traps': 100}
[2026-09-24 12:50:36] --- EOM (eavesofmirkwood optionalclass rules v2) ---
[2026-09-24 12:50:42]   ok: 0 entr(ies) added, 0 source slug(s) remapped; totals {'races': 76, 'spells': 324, 'magic_items': 752, 'equipment': 212, 'monsters': 1570, 'npcs': 414, 'feats': 99, 'backgrounds': 53, 'subclasses': 96, 'traps': 100}
[2026-09-24 12:50:42] sweep run finished: 1 ingested, 0 failed, 6s
[2026-09-24 12:50:55] starting sweep: 61 book(s); totals before {'races': 76, 'spells': 324, 'magic_items': 752, 'equipment': 212, 'monsters': 1570, 'npcs': 414, 'feats': 99, 'backgrounds': 53, 'subclasses': 96, 'traps': 100}
[2026-09-24 12:50:55] --- MPMM (D&D 5E  Mordenkainen Presents Monsters of the ) ---
[2026-09-24 13:00:29] starting sweep: 62 book(s); totals before {'races': 76, 'spells': 324, 'magic_items': 752, 'equipment': 212, 'monsters': 1570, 'npcs': 414, 'feats': 99, 'backgrounds': 53, 'subclasses': 96, 'traps': 100}
[2026-09-24 13:00:29] --- MPMM (D&D 5E  Mordenkainen Presents Monsters of the ) ---
[2026-09-24 13:01:42] clearing stale lock (pid 558652 is gone)
[2026-09-24 13:01:42] starting sweep: 1 book(s); totals before {'races': 76, 'spells': 324, 'magic_items': 752, 'equipment': 212, 'monsters': 1570, 'npcs': 414, 'feats': 99, 'backgrounds': 53, 'subclasses': 96, 'traps': 100}
[2026-09-24 13:01:42] --- MPMM (D&D 5E  Mordenkainen Presents Monsters of the ) ---
[2026-09-24 13:01:42]   extraction in progress elsewhere — leaving it for the next run
[2026-09-24 13:01:42] sweep run finished: 0 ingested, 0 failed, 0s
[2026-09-24 13:06:49] starting sweep: 1 book(s); totals before {'races': 76, 'spells': 324, 'magic_items': 752, 'equipment': 212, 'monsters': 1570, 'npcs': 414, 'feats': 99, 'backgrounds': 53, 'subclasses': 96, 'traps': 100}
[2026-09-24 13:06:49] --- MPMM (D&D 5E  Mordenkainen Presents Monsters of the ) ---
[2026-09-24 13:06:49]   extraction in progress elsewhere — leaving it for the next run
[2026-09-24 13:06:49] sweep run finished: 0 ingested, 0 failed, 0s
[2026-09-24 13:06:53] starting sweep: 1 book(s); totals before {'races': 76, 'spells': 324, 'magic_items': 752, 'equipment': 212, 'monsters': 1570, 'npcs': 414, 'feats': 99, 'backgrounds': 53, 'subclasses': 96, 'traps': 100}
[2026-09-24 13:06:53] --- MPMM (D&D 5E  Mordenkainen Presents Monsters of the ) ---
[2026-09-24 13:06:53]   extraction already on disk and complete — folding it
[2026-09-24 13:06:54]   ok: 0 entr(ies) added, 40 source slug(s) remapped; totals {'races': 84, 'spells': 324, 'magic_items': 752, 'equipment': 212, 'monsters': 1602, 'npcs': 414, 'feats': 99, 'backgrounds': 53, 'subclasses': 96, 'traps': 100}
[2026-09-24 13:06:54] sweep run finished: 1 ingested, 0 failed, 1s
[2026-09-24 13:08:18] starting sweep: 61 book(s); totals before {'races': 84, 'spells': 324, 'magic_items': 752, 'equipment': 212, 'monsters': 1602, 'npcs': 414, 'feats': 99, 'backgrounds': 53, 'subclasses': 96, 'traps': 100}
[2026-09-24 13:08:18] starting sweep: 61 book(s); totals before {'races': 84, 'spells': 324, 'magic_items': 752, 'equipment': 212, 'monsters': 1602, 'npcs': 414, 'feats': 99, 'backgrounds': 53, 'subclasses': 96, 'traps': 100}
[2026-09-24 13:08:18] --- PHB (D&D 5E  Player's Handbook) ---
[2026-09-24 13:08:18] --- PHB (D&D 5E  Player's Handbook) ---

============================================================
Processing: D&D 5E  Player's Handbook (PHB)
  PDF: D&D 5E - Player's Handbook.pdf (81663 KB)
  Cache has no page markers (old pdftotext cache) — re-extracting with pymupdf
  Extracting text...
  Extracted 1,229,045 chars (322 pages) via pymupdf → PHB.txt
  Detected 14 chapters from TOC:
    p1-4: Cover
    p5-5: Preface
    p6-9: Introduction
    p10-171: Part 1 - Creating a Character
    p172-199: Part 2 - Playing the Game
    p200-290: Part 3 - The Rules of Magic
    p291-293: Appendix A - Conditions
    p294-300: Appendix B - Gods of the Multiverse
    p301-304: Appendix C - The Planes of Existence
    p305-312: Appendix D - Creature Statistics
    p313-313: Appendix E - Inspirational Reading
    p314-317: Index
    p318-318: What Comes Next?
    p319-9999: Character Sheet
  14 chapter(s) with text retained
  14 chapter(s), 0 completed, 0 with errors

  [1/14] Cover (5,905 chars)
    Chunk 0 (5,905 chars) → 0 items {} (1.2s)

── Chapter Readout: Cover ──
Stats: 1 chunks → 0 raw → 0 valid → 0 new
No new entries in this chapter.
  [2/14] Preface (3,986 chars)
    Chunk 0 (3,986 chars) → 0 items {} (0.8s)

── Chapter Readout: Preface ──
Stats: 1 chunks → 0 raw → 0 valid → 0 new
No new entries in this chapter.
  [3/14] Introduction (21,932 chars)
    Chunk 0 (5,230 chars) → 0 items {} (0.8s)
    Chunk 1 (6,451 chars) → 0 items {} (0.9s)
    Chunk 2 (5,262 chars) → 0 items {} (1.0s)
    Chunk 3 (6,189 chars) → 0 items {} (0.9s)

── Chapter Readout: Introduction ──
Stats: 4 chunks → 0 raw → 0 valid → 0 new
No new entries in this chapter.
  [4/14] Part 1 - Creating a Character (577,395 chars)
    Chunk 0 (5,524 chars) → 0 items {} (0.8s)
    Chunk 1 (4,846 chars) → 0 items {} (1.2s)
    Chunk 2 (4,210 chars) → 0 items {} (1.0s)
    Chunk 3 (6,051 chars) → 0 items {} (0.9s)
    Chunk 4 (5,441 chars) → 0 items {} (1.4s)
    Chunk 5 (5,490 chars) → 0 items {} (1.0s)
    Chunk 6 (6,395 chars) → 1 items {'races': 1} (3.1s)
    Chunk 7 (6,901 chars) → 2 items {'races': 2} (7.0s)
    Chunk 8 (3,487 chars) → 0 items {} (0.9s)
    Chunk 9 (5,627 chars) → 1 items {'races': 1} (4.5s)
    Chunk 10 (6,895 chars) → 4 items {'races': 4} (4.8s)
    Chunk 11 (6,207 chars) → 1 items {'races': 1} (2.7s)
    Chunk 12 (6,799 chars) → 2 items {'races': 2} (2.4s)
    Chunk 13 (7,506 chars) → 2 items {'races': 2} (3.8s)
    Chunk 14 (7,476 chars) → 1 items {'races': 1} (2.1s)
    Chunk 15 (6,911 chars) → 1 items {'races': 1} (2.5s)
    Chunk 16 (6,758 chars) → 2 items {'races': 2} (5.0s)
    Chunk 17 (6,094 chars) → 1 items {'races': 1} (3.0s)
    Chunk 18 (6,499 chars) → 1 items {'races': 1} (2.4s)
    Chunk 19 (3,987 chars) → 1 items {'races': 1} (2.6s)
    Chunk 20 (7,015 chars) → 0 items {} (1.0s)
    Chunk 21 (5,696 chars) → 0 items {} (0.9s)
    Chunk 22 (3,996 chars) → 1 items {'subclasses': 1} (2.1s)
    Chunk 23 (7,825 chars) → 1 items {'subclasses': 1} (4.2s)
    Chunk 24 (7,116 chars) → 0 items {} (0.9s)
    Chunk 25 (7,736 chars) → 2 items {'subclasses': 2} (4.5s)
    Chunk 26 (5,937 chars) → 0 items {} (0.9s)
    Chunk 27 (4,321 chars) → 0 items {} (1.2s)
    Chunk 28 (5,352 chars) → 1 items {'subclasses': 1} (2.5s)
    Chunk 29 (5,588 chars) → 3 items {'subclasses': 3} (5.7s)
    Chunk 30 (3,789 chars) → 2 items {'subclasses': 2} (3.9s)
    Chunk 31 (4,915 chars) → 3 items {'subclasses': 3} (6.3s)
    Chunk 32 (6,970 chars) → 2 items {'subclasses': 2} (5.5s)
    Chunk 33 (3,825 chars) → 0 items {} (0.8s)
    Chunk 34 (5,358 chars) → 0 items {} (1.4s)
    Chunk 35 (7,618 chars) → 1 items {'subclasses': 1} (3.7s)
    Chunk 36 (7,711 chars) → 2 items {'subclasses': 2} (5.5s)
    Chunk 37 (7,802 chars) → 1 items {'subclasses': 1} (1.8s)
    Chunk 38 (2,843 chars) → 1 items {'subclasses': 1} (3.4s)
    Chunk 39 (6,093 chars) → 2 items {'subclasses': 2} (5.5s)
    Chunk 40 (7,314 chars) → 1 items {'subclasses': 1} (4.0s)
    Chunk 41 (4,147 chars) → 0 items {} (0.8s)
    Chunk 42 (5,069 chars) → 5 items {'equipment': 4, 'subclasses': 1} (4.3s)
    Chunk 43 (4,188 chars) → 1 items {'subclasses': 1} (1.8s)
    Chunk 44 (5,677 chars) → 2 items {'subclasses': 2} (4.2s)
    Chunk 45 (6,432 chars) → 1 items {'subclasses': 1} (5.3s)
    Chunk 46 (6,411 chars) → 0 items {} (1.0s)
    Chunk 47 (5,183 chars) → 0 items {} (0.9s)
    Chunk 48 (5,065 chars) → 1 items {'subclasses': 1} (1.3s)
    Chunk 49 (5,796 chars) → 2 items {'subclasses': 2} (4.1s)
    Chunk 50 (7,992 chars) → 2 items {'subclasses': 2} (8.4s)
    Chunk 51 (6,414 chars) → 0 items {} (1.0s)
    Chunk 52 (4,114 chars) → 0 items {} (1.0s)
    Chunk 53 (4,360 chars) → 1 items {'subclasses': 1} (3.6s)
    Chunk 54 (7,863 chars) → 2 items {'subclasses': 2} (5.0s)
    Chunk 55 (7,482 chars) → 1 items {'subclasses': 1} (4.3s)
    Chunk 56 (5,326 chars) → 3 items {'subclasses': 3} (4.4s)
    Chunk 57 (7,780 chars) → 1 items {'subclasses': 1} (4.6s)
    Chunk 58 (3,894 chars) → 0 items {} (1.0s)
    Chunk 59 (4,704 chars) → 2 items {'subclasses': 2} (6.3s)
    Chunk 60 (7,898 chars) → 2 items {'subclasses': 2} (5.0s)
    Chunk 61 (7,818 chars) → 1 items {'subclasses': 1} (3.5s)
    Chunk 62 (3,849 chars) → 0 items {} (1.2s)
    Chunk 63 (4,990 chars) → 0 items {} (1.1s)
    Chunk 64 (5,900 chars) → 1 items {'subclasses': 1} (1.5s)
    Chunk 65 (5,489 chars) → 3 items {'subclasses': 3} (6.8s)
    Chunk 66 (4,874 chars) → 12 items {'feats': 11, 'subclasses': 1} (5.9s)
    Chunk 67 (6,193 chars) → 24 items {'feats': 24} (5.5s)
    Chunk 68 (3,653 chars) → 0 items {} (0.9s)
    Chunk 69 (5,995 chars) → 0 items {} (1.1s)
    Chunk 70 (5,730 chars) → 1 items {'subclasses': 1} (2.6s)
    Chunk 71 (3,937 chars) → 3 items {'subclasses': 3} (6.0s)
    Chunk 72 (5,692 chars) → 3 items {'subclasses': 3} (6.3s)
    Chunk 73 (4,421 chars) → 3 items {'subclasses': 3} (4.9s)
    Chunk 74 (5,726 chars) → 2 items {'subclasses': 2} (5.5s)
    Chunk 75 (5,760 chars) → 0 items {} (1.0s)
    Chunk 76 (4,900 chars) → 0 items {} (0.9s)
    Chunk 77 (4,029 chars) → 0 items {} (0.9s)
    Chunk 78 (5,120 chars) → 0 items {} (0.9s)
    Chunk 79 (4,926 chars) → 0 items {} (0.9s)
    Chunk 80 (5,311 chars) → 1 items {'backgrounds': 1} (2.1s)
    Chunk 81 (4,985 chars) → 1 items {'backgrounds': 1} (1.7s)
    Chunk 82 (6,753 chars) → 2 items {'backgrounds': 2} (2.2s)
    Chunk 83 (5,090 chars) → 1 items {'backgrounds': 1} (1.6s)
    Chunk 84 (3,586 chars) → 1 items {'backgrounds': 1} (1.6s)
    Chunk 85 (4,999 chars) → 1 items {'backgrounds': 1} (2.2s)
    Chunk 86 (3,930 chars) → 1 items {'backgrounds': 1} (1.8s)
    Chunk 87 (5,424 chars) → 2 items {'backgrounds': 2} (2.1s)
    Chunk 88 (7,845 chars) → 3 items {'backgrounds': 3} (3.6s)
    Chunk 89 (7,944 chars) → 2 items {'backgrounds': 2} (2.9s)
    Chunk 90 (7,767 chars) → 3 items {'backgrounds': 3} (3.7s)
    Chunk 91 (4,652 chars) → 0 items {} (0.9s)
    Chunk 92 (6,117 chars) → 7 items {'equipment': 7} (1.7s)
    Chunk 93 (5,411 chars) → 13 items {'equipment': 13} (2.6s)
    Chunk 94 (7,730 chars) → 41 items {'equipment': 41} (7.7s)
    Chunk 95 (2,548 chars) → 2 items {'properties': 2} (10.1s)
    Chunk 96 (6,752 chars) → 43 items {'equipment': 43} (10.8s)
    Chunk 97 (6,702 chars) → 25 items {'magic_items': 1, 'equipment': 23, 'traps': 1} (5.5s)
    Chunk 98 (6,962 chars) → 37 items {'equipment': 37} (5.7s)
    Chunk 99 (4,111 chars) → 40 items {'equipment': 40} (6.2s)
    Chunk 100 (4,433 chars) → 20 items {'equipment': 20} (3.5s)
    Chunk 101 (7,195 chars) → 26 items {'equipment': 26} (4.3s)
    Chunk 102 (7,852 chars) → 0 items {} (0.9s)
    Chunk 103 (5,605 chars) → 0 items {} (0.9s)
    Chunk 104 (5,612 chars) → 10 items {'feats': 10} (4.5s)
    Chunk 105 (4,920 chars) → 11 items {'feats': 11} (5.0s)
    Chunk 106 (6,493 chars) → 14 items {'feats': 14} (6.9s)
    Chunk 107 (4,745 chars) → 10 items {'feats': 10} (4.9s)
    Intra-book dedup: removed 75 duplicate(s), upgraded 53 with better version
      ⚠ Stripped 1 cross-contaminated feature(s) from Way of Shadow: ['Cloak of Shadows']
    ⚠ Validation issues: 23
      - Equipment Unarmed strike: missing cost/weight
      - Equipment Acid: missing cost/weight
      - Equipment Alchemist's Fire: missing cost/weight
      - Equipment Fishing Tackle: missing cost/weight
      - Equipment Antitoxin: missing cost/weight
    Deduped 160 entries already in base data

── Chapter Readout: Part 1 - Creating a Character ──
Stats: 108 chunks → 362 raw → 362 valid → 202 new
  75 intra-chapter duplicates removed
  160 SRD/base duplicates removed
  backgrounds: 12 — Charlatan, Criminal, Entertainer, Folk Hero, Guild Artisan, Hermit, Noble, Outlander (+4 more)
  equipment: 70 — Padded, Leather, Studded leather, Hide, Half plate, Splint, Plate, Unarmed strike (+62 more)
  feats: 73 — Bewitching Whispers, Book of Ancient Secrets, Beguiling Influence, Beast Speech, Ascendant Step, Armor of Shadows, Chains of Carceri, Devil's Sight (+65 more)
  races: 4 — Elf (High Elf), Wood Elf, Dark Elf (Drow), Halfling (Stout Subrace)
  subclasses: 42 — Path of the Berserker, Path of the Totem Warrior, College of Lore, College of Valor, Knowledge Domain, Life Domain, Light Domain, Nature Domain (+34 more)
  traps: 1 — Hunting Trap
  ⚠️ Race 'Halfling (Stout Subrace)' missing ASI
  [5/14] Part 2 - Playing the Game (108,357 chars)
    Chunk 0 (4,803 chars) → 0 items {} (0.9s)
    Chunk 1 (5,594 chars) → 0 items {} (1.0s)
    Chunk 2 (5,765 chars) → 0 items {} (1.0s)
    Chunk 3 (3,193 chars) → 0 items {} (0.9s)
    Chunk 4 (5,811 chars) → 0 items {} (1.1s)
    Chunk 5 (5,899 chars) → 0 items {} (0.9s)
    Chunk 6 (3,175 chars) → 0 items {} (0.8s)
    Chunk 7 (5,585 chars) → 0 items {} (1.2s)
    Chunk 8 (5,547 chars) → 0 items {} (0.9s)
    Chunk 9 (5,825 chars) → 0 items {} (0.8s)
    Chunk 10 (5,876 chars) → 0 items {} (1.1s)
    Chunk 11 (5,976 chars) → 0 items {} (0.9s)
    Chunk 12 (5,909 chars) → 0 items {} (0.9s)
    Chunk 13 (5,812 chars) → 0 items {} (1.1s)
    Chunk 14 (7,737 chars) → 0 items {} (1.0s)
    Chunk 15 (5,641 chars) → 0 items {} (1.0s)
    Chunk 16 (5,711 chars) → 0 items {} (1.0s)
    Chunk 17 (5,881 chars) → 0 items {} (1.2s)
    Chunk 18 (5,768 chars) → 0 items {} (0.8s)
    Chunk 19 (5,233 chars) → 0 items {} (1.2s)
    Chunk 20 (5,616 chars) → 0 items {} (1.0s)

── Chapter Readout: Part 2 - Playing the Game ──
Stats: 21 chunks → 0 raw → 0 valid → 0 new
No new entries in this chapter.
  [6/14] Part 3 - The Rules of Magic (380,720 chars)
    Chunk 0 (7,926 chars) → 0 items {} (0.9s)
    Chunk 1 (6,206 chars) → 0 items {} (0.7s)
    Chunk 2 (7,746 chars) → 0 items {} (0.9s)
    Chunk 3 (6,139 chars) → 0 items {} (0.9s)
    Chunk 4 (5,910 chars) → 0 items {} (1.0s)
    Chunk 5 (3,831 chars) → 4 items {'spells': 4} (3.0s)
    Chunk 6 (5,666 chars) → 5 items {'spells': 5} (5.6s)
    Chunk 7 (5,708 chars) → 4 items {'spells': 4} (6.0s)
    Chunk 8 (6,015 chars) → 3 items {'spells': 3} (3.7s)
    Chunk 9 (5,571 chars) → 5 items {'spells': 5} (4.8s)
    Chunk 10 (7,414 chars) → 11 items {'spells': 11} (7.5s)
    Chunk 11 (5,528 chars) → 4 items {'spells': 4} (4.9s)
    Chunk 12 (7,206 chars) → 10 items {'spells': 10} (7.0s)
    Chunk 13 (4,949 chars) → 7 items {'spells': 7} (5.1s)
    Chunk 14 (5,607 chars) → 6 items {'spells': 6} (5.3s)
    Chunk 15 (7,293 chars) → 9 items {'spells': 9} (8.2s)
    Chunk 16 (5,409 chars) → 4 items {'spells': 4} (4.2s)
    Chunk 17 (5,195 chars) → 5 items {'spells': 5} (5.3s)
    Chunk 18 (5,637 chars) → 5 items {'spells': 5} (5.5s)
    Chunk 19 (5,369 chars) → 3 items {'spells': 3} (3.4s)
    Chunk 20 (5,134 chars) → 5 items {'spells': 5} (5.0s)
    Chunk 21 (4,694 chars) → 7 items {'spells': 7} (4.7s)
    Chunk 22 (5,032 chars) → 7 items {'spells': 7} (5.8s)
    Chunk 23 (5,609 chars) → 5 items {'spells': 5} (5.3s)
    Chunk 24 (5,068 chars) → 8 items {'spells': 8} (8.5s)
    Chunk 25 (5,909 chars) → 4 items {'spells': 4} (5.3s)
    Chunk 26 (5,680 chars) → 3 items {'spells': 3} (4.7s)
    Chunk 27 (5,242 chars) → 5 items {'spells': 5} (5.0s)
    Chunk 28 (5,079 chars) → 6 items {'spells': 6} (5.3s)
    Chunk 29 (5,111 chars) → 7 items {'spells': 7} (5.9s)
    Chunk 30 (7,937 chars) → 8 items {'spells': 8} (8.6s)
    Chunk 31 (5,023 chars) → 7 items {'spells': 7} (5.8s)
    Chunk 32 (5,282 chars) → 5 items {'spells': 5} (5.0s)
    Chunk 33 (5,086 chars) → 6 items {'spells': 6} (4.7s)
    Chunk 34 (5,288 chars) → 6 items {'spells': 6} (5.8s)
    Chunk 35 (5,085 chars) → 7 items {'spells': 7} (7.1s)
    Chunk 36 (5,352 chars) → 5 items {'spells': 5} (5.3s)
    Chunk 37 (5,410 chars) → 5 items {'spells': 5} (6.3s)
    Chunk 38 (4,819 chars) → 7 items {'spells': 7} (4.8s)
    Chunk 39 (5,404 chars) → 7 items {'spells': 7} (5.5s)
    Chunk 40 (7,931 chars) → 7 items {'spells': 7} (7.3s)
    Chunk 41 (5,105 chars) → 7 items {'spells': 7} (5.2s)
    Chunk 42 (4,979 chars) → 6 items {'spells': 6} (5.1s)
    Chunk 43 (4,851 chars) → 8 items {'spells': 8} (6.3s)
    Chunk 44 (5,622 chars) → 