[2026-09-24 17:52:41] PHB spell blocks found: 212
[2026-09-24 17:52:41] already present: 7 | to extract: 205
[2026-09-24 17:52:41] [dry-run] would send 3 spell(s): ['Aid', 'Alarm', 'Alter Self']
[2026-09-24 17:52:41] [dry-run] would send 3 spell(s): ['Objects', 'Shell', 'Field']
[2026-09-24 17:52:41] [dry-run] would send 3 spell(s): ['Lock', 'Ar Ms Of Hadar', 'Projection']
[2026-09-24 17:52:41] [dry-run] would send 3 spell(s): ['Augury', 'Of Life', 'Of Purity']
[2026-09-24 17:52:41] [dry-run] would send 3 spell(s): ['Of Vitality', 'Awaken', 'Bane']
[2026-09-24 17:52:41] [dry-run] would send 3 spell(s): ['Smite', 'Barkskin', 'Beacon Of Hope']
[2026-09-24 17:52:41] [dry-run] would send 3 spell(s): ['Banishment', 'Hand', 'Barrier']
[2026-09-24 17:52:41] [dry-run] would send 3 spell(s): ['Of Death', 'Of Power', 'Clone']
[2026-09-24 17:52:41] [dry-run] would send 3 spell(s): ['Of Daggers', 'Cloudkill', 'Commune']
[2026-09-24 17:52:41] [dry-run] would send 3 spell(s): ['With Nature', 'Duel', 'Languages']
[2026-09-24 17:52:41] [dry-run] would send 3 spell(s): ['Compulsion', 'Of Cold', 'Confusion']
[2026-09-24 17:52:41] [dry-run] would send 3 spell(s): ['Celestial', 'Elemental', 'Fey']
[2026-09-24 17:52:41] [dry-run] would send 3 spell(s): ['Volley', 'Contagion', 'Contingency']
[2026-09-24 17:52:41] [dry-run] would send 3 spell(s): ['Control Water', 'Of Arrows', 'Of Madness']
[2026-09-24 17:52:41] [dry-run] would send 3 spell(s): ['Creation', 'Or Destroy Water', 'Undead']
[2026-09-24 17:52:41] [dry-run] would send 3 spell(s): ['Cure Wounds', 'Darkness', 'Darkvision']
[2026-09-24 17:52:41] [dry-run] would send 3 spell(s): ['Ward', 'Blast Fireball', 'Magic']
[2026-09-24 17:52:41] [dry-run] would send 3 spell(s): ['Ano Disease', 'Door', 'Self']
[2026-09-24 17:52:41] [dry-run] would send 3 spell(s): ['Disintegrate', 'Evil And Good', 'Whispers']
[2026-09-24 17:52:41] [dry-run] would send 3 spell(s): ['Divination', 'Word', 'Beast']
[2026-09-24 17:52:41] [dry-run] would send 3 spell(s): ['Dream', 'Earthquake', 'Ability']
[2026-09-24 17:52:41] [dry-run] would send 3 spell(s): ['Strike', 'Etherealness', 'Retreat']
[2026-09-24 17:52:41] [dry-run] would send 3 spell(s): ['Fabricate', 'Faerie Fire', 'False Life']
[2026-09-24 17:52:41] [dry-run] would send 3 spell(s): ['Fear', 'Fall', 'Feeblemind']
[2026-09-24 17:52:41] [dry-run] would send 3 spell(s): ['Familiar', 'Steeo', 'Fino The Path']
[2026-09-24 17:52:41] [dry-run] would send 3 spell(s): ['Traps', 'R Of Death', 'Strike']
[2026-09-24 17:52:41] [dry-run] would send 3 spell(s): ['Sphere', 'Flesh To Stone', 'Fog Cloud']
[2026-09-24 17:52:41] [dry-run] would send 3 spell(s): ['Forbiddance', 'Forcecage', 'Foresight']
[2026-09-24 17:52:41] [dry-run] would send 3 spell(s): ['Of Movement', 'Gate', 'Repose']
[2026-09-24 17:52:41] [dry-run] would send 3 spell(s): ['Insect', 'Glibness', 'Globe Of Invulnerability']
[2026-09-24 17:52:41] [dry-run] would send 3 spell(s): ['Glyph Of Warding', 'Goodberry', 'Grease']
[2026-09-24 17:52:41] [dry-run] would send 3 spell(s): ['Invisibility', 'And Wards', 'Bolt']
[2026-09-24 17:52:41] [dry-run] would send 3 spell(s): ['Gustofwind', 'Of Thorns', 'Hallow']
[2026-09-24 17:52:41] [dry-run] would send 3 spell(s): ['Terrain', 'Harm', 'Heal']
[2026-09-24 17:52:41] [dry-run] would send 3 spell(s): ['Word', 'Heat Metal', 'Feast']
[2026-09-24 17:52:41] [dry-run] would send 3 spell(s): ['Heroism', 'Monster', 'Person']
[2026-09-24 17:52:41] [dry-run] would send 3 spell(s): ['Holy Aura', 'Of Hadar', 'Mark']
[2026-09-24 17:52:41] [dry-run] would send 3 spell(s): ['Pattern', 'Ice Storm', 'Identify']
[2026-09-24 17:52:41] [dry-run] would send 3 spell(s): ['Script', 'Imprisonment', 'Plague']
[2026-09-24 17:52:41] [dry-run] would send 3 spell(s): ['Invisibility', 'Knock', 'Lore']
[2026-09-24 17:52:41] [dry-run] would send 3 spell(s): ['Chest', 'Lesser Restoration', 'Levitate']
[2026-09-24 17:52:41] [dry-run] would send 3 spell(s): ['Or Plants', 'Creature', 'Locate Object']
[2026-09-24 17:52:41] [dry-run] would send 3 spell(s): ['Longstrider', 'Magearmor', 'Acid Arrow']
[2026-09-24 17:52:41] [dry-run] would send 3 spell(s): ['Swarm', 'Blank', 'Arcane']
[2026-09-24 17:52:41] [dry-run] would send 3 spell(s): ['Image', 'Mislead', 'Step']
[2026-09-24 17:52:41] [dry-run] would send 3 spell(s): ['Memory', 'Moonbeam', 'Hound']
[2026-09-24 17:52:41] [dry-run] would send 3 spell(s): ['Mansion', 'Move Earth', 'Sphere']
[2026-09-24 17:52:41] [dry-run] would send 3 spell(s): ['Sphere', 'Dance', 'Trace']
[2026-09-24 17:52:41] [dry-run] would send 3 spell(s): ['Passwall', 'Phantasmal Killer', 'Planarally']
[2026-09-24 17:52:41] [dry-run] would send 3 spell(s): ['Planar Binding', 'Shift', 'Polymorph']
[2026-09-24 17:52:41] [dry-run] would send 3 spell(s): ['Power Word Kill', 'Power Word Stun', 'Prayer Of Healing']
[2026-09-24 17:52:41] [dry-run] would send 3 spell(s): ['Wall', 'Image', 'From Evil And Good']
[2026-09-24 17:52:41] [dry-run] would send 3 spell(s): ['From Poison', 'Food And Drink', 'Dead']
[2026-09-24 17:52:41] [dry-run] would send 3 spell(s): ['Bond', 'Regenerate', 'Resurrection']
[2026-09-24 17:52:41] [dry-run] would send 3 spell(s): ['Gravity', 'Revivify', 'Rope Trick']
[2026-09-24 17:52:41] [dry-run] would send 3 spell(s): ['Scrying', 'Smite', 'Sequester']
[2026-09-24 17:52:41] [dry-run] would send 3 spell(s): ['Shapechange', 'Shield', 'Of Faith']
[2026-09-24 17:52:41] [dry-run] would send 3 spell(s): ['Simulacrum', 'Sleep', 'Speak With Animals']
[2026-09-24 17:52:41] [dry-run] would send 3 spell(s): ['Spider Cumb', 'Growth', 'Weapon']
[2026-09-24 17:52:41] [dry-run] would send 3 spell(s): ['Smite', 'Shape', 'Stoneskin']
[2026-09-24 17:52:41] [dry-run] would send 3 spell(s): ['Storm Of Vengeance', 'Sunbeam', 'Sunburst']
[2026-09-24 17:52:41] [dry-run] would send 3 spell(s): ['Symbol', 'Laughter', 'Circle']
[2026-09-24 17:52:41] [dry-run] would send 3 spell(s): ['Disk', 'Smite', 'Thunderwave']
[2026-09-24 17:52:41] [dry-run] would send 3 spell(s): ['Stop', 'Plants', 'Stride']
[2026-09-24 17:52:41] [dry-run] would send 3 spell(s): ['Polymorph', 'Servant', 'Wall Of Fire']
[2026-09-24 17:52:41] [dry-run] would send 3 spell(s): ['Wall Of Force', 'Wall Of Ice', 'Of Stone']
[2026-09-24 17:52:41] [dry-run] would send 3 spell(s): ['Of Thorns', 'Bond', 'Web']
[2026-09-24 17:52:41] [dry-run] would send 3 spell(s): ['Weird', 'Walk', 'Wish']
[2026-09-24 17:52:41] [dry-run] would send 1 spell(s): ['Bolt']
[2026-09-24 17:52:41] done: 0 spell(s) written to PHB_spells_extracted.json — fold with `scripts/append_extraction.py PHB`
[2026-09-24 17:52:53] PHB spell blocks found: 212
[2026-09-24 17:52:53] already present: 35 | to extract: 177
[2026-09-24 17:52:53] [dry-run] would send 3 spell(s): ['Aid', 'Alarm', 'Alter Self']
[2026-09-24 17:52:53] [dry-run] would send 3 spell(s): ['Animate Objects', 'Antilife Shell', 'Antimagic Field']
[2026-09-24 17:52:53] [dry-run] would send 3 spell(s): ['Arcane Lock', 'Ar Ms Of Hadar', 'Astral Projection']
[2026-09-24 17:52:53] [dry-run] would send 3 spell(s): ['Augury', 'Awaken', 'Bane']
[2026-09-24 17:52:53] [dry-run] would send 3 spell(s): ['Barkskin', 'Beacon Of Hope', 'Banishment']
[2026-09-24 17:52:53] [dry-run] would send 3 spell(s): ['Blade Barrier', 'Circle Of Death', 'Clone']
[2026-09-24 17:52:53] [dry-run] would send 3 spell(s): ['Cloudkill', 'Commune', 'Commune With Nature']
[2026-09-24 17:52:53] [dry-run] would send 3 spell(s): ['Comprehend Languages', 'Compulsion', 'Cone Of Cold']
[2026-09-24 17:52:53] [dry-run] would send 3 spell(s): ['Confusion', 'Conjure Celestial', 'Conjure Elemental']
[2026-09-24 17:52:53] [dry-run] would send 3 spell(s): ['Conjure Fey', 'Contagion', 'Contingency']
[2026-09-24 17:52:53] [dry-run] would send 3 spell(s): ['Control Water', 'Creation', 'Create Or Destroy Water']
[2026-09-24 17:52:53] [dry-run] would send 3 spell(s): ['Create Undead', 'Cure Wounds', 'Darkness']
[2026-09-24 17:52:53] [dry-run] would send 3 spell(s): ['Darkvision', 'Death Ward', 'Delayed Blast Fireball']
[2026-09-24 17:52:53] [dry-run] would send 3 spell(s): ['Detect Magic', 'Detect Poison Ano Disease', 'Dimension Door']
[2026-09-24 17:52:53] [dry-run] would send 3 spell(s): ['Disguise Self', 'Disintegrate', 'Dispel Evil And Good']
[2026-09-24 17:52:53] [dry-run] would send 3 spell(s): ['Spells Divination', 'Divine Word', 'Dominate Beast']
[2026-09-24 17:52:53] [dry-run] would send 3 spell(s): ['Dream', 'Earthquake', 'Enhance Ability']
[2026-09-24 17:52:53] [dry-run] would send 3 spell(s): ['Etherealness', 'Expeditious Retreat', 'Fabricate']
[2026-09-24 17:52:53] [dry-run] would send 3 spell(s): ['Faerie Fire', 'False Life', 'Fear']
[2026-09-24 17:52:53] [dry-run] would send 3 spell(s): ['Feather Fall', 'Feeblemind', 'Fino Familiar']
[2026-09-24 17:52:53] [dry-run] would send 3 spell(s): ['Fino Steeo', 'Fino The Path', 'Find Traps']
[2026-09-24 17:52:53] [dry-run] would send 3 spell(s): ['Finge R Of Death', 'Flame Strike', 'Flaming Sphere']
[2026-09-24 17:52:53] [dry-run] would send 3 spell(s): ['Flesh To Stone', 'Fog Cloud', 'Forbiddance']
[2026-09-24 17:52:53] [dry-run] would send 3 spell(s): ['Forcecage', 'Foresight', 'Freedom Of Movement']
[2026-09-24 17:52:53] [dry-run] would send 3 spell(s): ['Gate', 'Gentle Repose', 'Giant Insect']
[2026-09-24 17:52:53] [dry-run] would send 3 spell(s): ['Glibness', 'Globe Of Invulnerability', 'Glyph Of Warding']
[2026-09-24 17:52:53] [dry-run] would send 3 spell(s): ['Goodberry', 'Grease', 'Greater Invisibility']
[2026-09-24 17:52:53] [dry-run] would send 3 spell(s): ['Guards And Wards', 'Guiding Bolt', 'Gustofwind']
[2026-09-24 17:52:53] [dry-run] would send 3 spell(s): ['Hallow', 'Hallucinatory Terrain', 'Harm']
[2026-09-24 17:52:53] [dry-run] would send 3 spell(s): ['Heal', 'Healing Word', 'Heat Metal']
[2026-09-24 17:52:53] [dry-run] would send 3 spell(s): ["Heroes' Feast", 'Heroism', 'Hold Monster']
[2026-09-24 17:52:53] [dry-run] would send 3 spell(s): ['Hold Person', 'Holy Aura', "Hunter'S Mark"]
[2026-09-24 17:52:53] [dry-run] would send 3 spell(s): ['Hypnotic Pattern', 'Ice Storm', 'Identify']
[2026-09-24 17:52:53] [dry-run] would send 3 spell(s): ['Illusory Script', 'Imprisonment', 'Insect Plague']
[2026-09-24 17:52:53] [dry-run] would send 3 spell(s): ['Invisibility', 'Knock', 'Legend Lore']
[2026-09-24 17:52:53] [dry-run] would send 3 spell(s): ['Lesser Restoration', 'Levitate', 'Locate Animals Or Plants']
[2026-09-24 17:52:53] [dry-run] would send 3 spell(s): ['Locate Creature', 'Locate Object', 'Longstrider']
[2026-09-24 17:52:53] [dry-run] would send 3 spell(s): ['Magearmor', 'Meteor Swarm', 'Mind Blank']
[2026-09-24 17:52:53] [dry-run] would send 3 spell(s): ['Mirage Arcane', 'Mirror Image', 'Mislead']
[2026-09-24 17:52:53] [dry-run] would send 3 spell(s): ['Misty Step', 'Modify Memory', 'Moonbeam']
[2026-09-24 17:52:53] [dry-run] would send 3 spell(s): ['Move Earth', 'Freezing Sphere', 'Pass Without Trace']
[2026-09-24 17:52:53] [dry-run] would send 3 spell(s): ['Passwall', 'Phantasmal Killer', 'Planarally']
[2026-09-24 17:52:53] [dry-run] would send 3 spell(s): ['Planar Binding', 'Plane Shift', 'Polymorph']
[2026-09-24 17:52:53] [dry-run] would send 3 spell(s): ['Power Word Kill', 'Power Word Stun', 'Prayer Of Healing']
[2026-09-24 17:52:53] [dry-run] would send 3 spell(s): ['Prismatic Wall', 'Project Image', 'Protection From Evil And Good']
[2026-09-24 17:52:53] [dry-run] would send 3 spell(s): ['From Poison', 'Purify Food And Drink', 'Raise Dead']
[2026-09-24 17:52:53] [dry-run] would send 3 spell(s): ['Regenerate', 'Resurrection', 'Reverse Gravity']
[2026-09-24 17:52:53] [dry-run] would send 3 spell(s): ['Revivify', 'Rope Trick', 'Scrying']
[2026-09-24 17:52:53] [dry-run] would send 3 spell(s): ['Sequester', 'Shapechange', 'Shield']
[2026-09-24 17:52:53] [dry-run] would send 3 spell(s): ['Shield Of Faith', 'Simulacrum', 'Sleep']
[2026-09-24 17:52:53] [dry-run] would send 3 spell(s): ['Speak With Animals', 'Spider Cumb', 'Spike Growth']
[2026-09-24 17:52:53] [dry-run] would send 3 spell(s): ['Spiritual Weapon', 'Stone Shape', 'Stoneskin']
[2026-09-24 17:52:53] [dry-run] would send 3 spell(s): ['Storm Of Vengeance', 'Sunbeam', 'Sunburst']
[2026-09-24 17:52:53] [dry-run] would send 3 spell(s): ['Symbol', 'Teleportation Circle', 'Thunderwave']
[2026-09-24 17:52:53] [dry-run] would send 3 spell(s): ['Time Stop', 'Transport Via Plants', 'Tree Stride']
[2026-09-24 17:52:53] [dry-run] would send 3 spell(s): ['True Polymorph', 'Unseen Servant', 'Wall Of Fire']
[2026-09-24 17:52:53] [dry-run] would send 3 spell(s): ['Wall Of Force', 'Wall Of Ice', 'Wall Of Stone']
[2026-09-24 17:52:53] [dry-run] would send 3 spell(s): ['Wall Of Thorns', 'Warding Bond', 'Web']
[2026-09-24 17:52:53] [dry-run] would send 3 spell(s): ['Weird', 'Wind Walk', 'Wish']
[2026-09-24 17:52:53] done: 0 spell(s) written to PHB_spells_extracted.json — fold with `scripts/append_extraction.py PHB`
[2026-09-24 17:52:53] PHB spell blocks found: 212
[2026-09-24 17:52:53] already present: 35 | to extract: 177
[2026-09-24 17:52:58]   3/3 — added 3 so far
[2026-09-24 17:52:58] done: 3 spell(s) written to PHB_spells_extracted.json — fold with `scripts/append_extraction.py PHB`
[2026-09-24 17:53:53] PHB spell blocks found: 214
[2026-09-24 17:53:53] PHB spell blocks found: 214
[2026-09-24 17:53:53] already present: 36 | to extract: 178
[2026-09-24 17:53:53] already present: 36 | to extract: 178
[2026-09-24 17:53:59]   3/178 — added 3 so far
[2026-09-24 17:53:59]   3/178 — added 3 so far
[2026-09-24 17:54:05]   6/178 — added 6 so far
[2026-09-24 17:54:05]   6/178 — added 6 so far
[2026-09-24 17:54:09]   9/178 — added 9 so far
[2026-09-24 17:54:09]   9/178 — added 9 so far
[2026-09-24 17:54:12]   12/178 — added 12 so far
[2026-09-24 17:54:12]   12/178 — added 12 so far
[2026-09-24 17:54:15]   15/178 — added 15 so far
[2026-09-24 17:54:15]   15/178 — added 15 so far
[2026-09-24 17:54:21]   18/178 — added 18 so far
[2026-09-24 17:54:21]   18/178 — added 18 so far
[2026-09-24 17:54:26]   21/178 — added 21 so far
[2026-09-24 17:54:26]   21/178 — added 21 so far
[2026-09-24 17:54:29]   24/178 — added 24 so far
[2026-09-24 17:54:29]   24/178 — added 24 so far
[2026-09-24 17:54:34]   27/178 — added 27 so far
[2026-09-24 17:54:34]   27/178 — added 27 so far
[2026-09-24 17:54:39]   30/178 — added 30 so far
[2026-09-24 17:54:39]   30/178 — added 30 so far
[2026-09-24 17:54:44]   33/178 — added 33 so far
[2026-09-24 17:54:44]   33/178 — added 33 so far
[2026-09-24 17:54:49]   36/178 — added 36 so far
[2026-09-24 17:54:49]   36/178 — added 36 so far
[2026-09-24 17:54:54]   39/178 — added 39 so far
[2026-09-24 17:54:54]   39/178 — added 39 so far
[2026-09-24 17:54:58]   42/178 — added 42 so far
[2026-09-24 17:54:58]   42/178 — added 42 so far
[2026-09-24 17:55:02]   45/178 — added 45 so far
[2026-09-24 17:55:02]   45/178 — added 45 so far
[2026-09-24 17:55:08]   48/178 — added 48 so far
[2026-09-24 17:55:08]   48/178 — added 48 so far
[2026-09-24 17:55:16]   51/178 — added 51 so far
[2026-09-24 17:55:16]   51/178 — added 51 so far
[2026-09-24 17:55:21]   54/178 — added 54 so far
[2026-09-24 17:55:21]   54/178 — added 54 so far
[2026-09-24 17:55:23]   57/178 — added 57 so far
[2026-09-24 17:55:23]   57/178 — added 57 so far
[2026-09-24 17:55:27]   60/178 — added 60 so far
[2026-09-24 17:55:27]   60/178 — added 60 so far
[2026-09-24 17:55:31]   63/178 — added 63 so far
[2026-09-24 17:55:31]   63/178 — added 63 so far
[2026-09-24 17:55:37]   66/178 — added 66 so far
[2026-09-24 17:55:37]   66/178 — added 66 so far
[2026-09-24 17:55:41]   69/178 — added 69 so far
[2026-09-24 17:55:41]   69/178 — added 69 so far
[2026-09-24 17:55:45]   72/178 — added 72 so far
[2026-09-24 17:55:45]   72/178 — added 72 so far
[2026-09-24 17:55:49]   75/178 — added 75 so far
[2026-09-24 17:55:49]   75/178 — added 75 so far
[2026-09-24 17:55:53]   78/178 — added 78 so far
[2026-09-24 17:55:53]   78/178 — added 78 so far
[2026-09-24 17:55:56]   81/178 — added 81 so far
[2026-09-24 17:55:56]   81/178 — added 81 so far
[2026-09-24 17:56:01]   84/178 — added 84 so far
[2026-09-24 17:56:01]   84/178 — added 84 so far
[2026-09-24 17:56:05]   87/178 — added 87 so far
[2026-09-24 17:56:05]   87/178 — added 87 so far
[2026-09-24 17:56:08]   90/178 — added 90 so far
[2026-09-24 17:56:08]   90/178 — added 90 so far
[2026-09-24 17:56:10]   93/178 — added 93 so far
[2026-09-24 17:56:10]   93/178 — added 93 so far
[2026-09-24 17:56:13]   96/178 — added 96 so far
[2026-09-24 17:56:13]   96/178 — added 96 so far
[2026-09-24 17:56:15]   99/178 — added 99 so far
[2026-09-24 17:56:15]   99/178 — added 99 so far
[2026-09-24 17:56:21]   102/178 — added 102 so far
[2026-09-24 17:56:21]   102/178 — added 102 so far
[2026-09-24 17:56:24]   105/178 — added 105 so far
[2026-09-24 17:56:24]   105/178 — added 105 so far
[2026-09-24 17:56:28]   108/178 — added 108 so far
[2026-09-24 17:56:28]   108/178 — added 108 so far
[2026-09-24 17:56:30]   111/178 — added 111 so far
[2026-09-24 17:56:30]   111/178 — added 111 so far
[2026-09-24 17:56:36]   114/178 — added 114 so far
[2026-09-24 17:56:36]   114/178 — added 114 so far
[2026-09-24 17:56:40]   117/178 — added 117 so far
[2026-09-24 17:56:40]   117/178 — added 117 so far
[2026-09-24 17:56:43]   120/178 — added 120 so far
[2026-09-24 17:56:43]   120/178 — added 120 so far
[2026-09-24 17:56:47]   123/178 — added 123 so far
[2026-09-24 17:56:47]   123/178 — added 123 so far
[2026-09-24 17:56:52]   126/178 — added 126 so far
[2026-09-24 17:56:52]   126/178 — added 126 so far
[2026-09-24 17:56:57]   129/178 — added 129 so far
[2026-09-24 17:56:57]   129/178 — added 129 so far
[2026-09-24 17:57:01]   132/178 — added 132 so far
[2026-09-24 17:57:01]   132/178 — added 132 so far
[2026-09-24 17:57:07]   135/178 — added 135 so far
[2026-09-24 17:57:07]   135/178 — added 135 so far
[2026-09-24 17:57:09]   138/178 — added 138 so far
[2026-09-24 17:57:09]   138/178 — added 138 so far
[2026-09-24 17:57:12]   skipped 'Regenerate': no description in the response
[2026-09-24 17:57:12]   skipped 'Regenerate': no description in the response
[2026-09-24 17:57:12]   141/178 — added 140 so far
[2026-09-24 17:57:12]   141/178 — added 140 so far
[2026-09-24 17:57:17]   144/178 — added 143 so far
[2026-09-24 17:57:17]   144/178 — added 143 so far
[2026-09-24 17:57:21]   147/178 — added 146 so far
[2026-09-24 17:57:21]   147/178 — added 146 so far
[2026-09-24 17:57:26]   150/178 — added 149 so far
[2026-09-24 17:57:26]   150/178 — added 149 so far
[2026-09-24 17:57:32]   153/178 — added 152 so far
[2026-09-24 17:57:32]   153/178 — added 152 so far
[2026-09-24 17:57:35]   156/178 — added 155 so far
[2026-09-24 17:57:35]   156/178 — added 155 so far
[2026-09-24 17:57:40]   159/178 — added 158 so far
[2026-09-24 17:57:40]   159/178 — added 158 so far
[2026-09-24 17:57:45]   162/178 — added 161 so far
[2026-09-24 17:57:45]   162/178 — added 161 so far
[2026-09-24 17:57:48]   165/178 — added 164 so far
[2026-09-24 17:57:48]   165/178 — added 164 so far
[2026-09-24 17:57:55]   168/178 — added 167 so far
[2026-09-24 17:57:55]   168/178 — added 167 so far
[2026-09-24 17:57:58]   171/178 — added 170 so far
[2026-09-24 17:57:58]   171/178 — added 170 so far
[2026-09-24 17:58:03]   174/178 — added 173 so far
[2026-09-24 17:58:03]   174/178 — added 173 so far
[2026-09-24 17:58:08]   177/178 — added 176 so far
[2026-09-24 17:58:08]   177/178 — added 176 so far
[2026-09-24 17:58:11]   178/178 — added 177 so far
[2026-09-24 17:58:11]   178/178 — added 177 so far
[2026-09-24 17:58:11] done: 177 spell(s) written to PHB_spells_extracted.json — fold with `scripts/append_extraction.py PHB`
[2026-09-24 17:58:11] done: 177 spell(s) written to PHB_spells_extracted.json — fold with `scripts/append_extraction.py PHB`
[2026-09-24 17:58:31] PHB spell blocks found: 214
[2026-09-24 17:58:31] PHB spell blocks found: 214
[2026-09-24 17:58:31] already present: 163 | to extract: 51
[2026-09-24 17:58:31] already present: 163 | to extract: 51
[2026-09-24 17:58:34]   3/51 — added 3 so far
[2026-09-24 17:58:34]   3/51 — added 3 so far
[2026-09-24 17:58:37]   6/51 — added 6 so far
[2026-09-24 17:58:37]   6/51 — added 6 so far
[2026-09-24 17:58:41]   9/51 — added 9 so far
[2026-09-24 17:58:41]   9/51 — added 9 so far
[2026-09-24 17:58:47]   12/51 — added 12 so far
[2026-09-24 17:58:47]   12/51 — added 12 so far
[2026-09-24 17:58:52]   15/51 — added 15 so far
[2026-09-24 17:58:52]   15/51 — added 15 so far
[2026-09-24 17:58:58]   18/51 — added 18 so far
[2026-09-24 17:58:58]   18/51 — added 18 so far
[2026-09-24 17:59:04]   21/51 — added 21 so far
[2026-09-24 17:59:04]   21/51 — added 21 so far
[2026-09-24 17:59:08]   24/51 — added 24 so far
[2026-09-24 17:59:08]   24/51 — added 24 so far
[2026-09-24 17:59:12]   27/51 — added 27 so far
[2026-09-24 17:59:12]   27/51 — added 27 so far
[2026-09-24 17:59:14]   30/51 — added 30 so far
[2026-09-24 17:59:14]   30/51 — added 30 so far
[2026-09-24 17:59:20]   33/51 — added 33 so far
[2026-09-24 17:59:20]   33/51 — added 33 so far
[2026-09-24 17:59:25]   36/51 — added 36 so far
[2026-09-24 17:59:25]   36/51 — added 36 so far
[2026-09-24 17:59:27]   skipped 'Regenerate': no usable response (a later run will retry it)
[2026-09-24 17:59:27]   skipped 'Regenerate': no usable response (a later run will retry it)
[2026-09-24 17:59:27]   39/51 — added 38 so far
[2026-09-24 17:59:27]   39/51 — added 38 so far
[2026-09-24 17:59:30]   42/51 — added 41 so far
[2026-09-24 17:59:30]   42/51 — added 41 so far
[2026-09-24 17:59:35]   45/51 — added 44 so far
[2026-09-24 17:59:35]   45/51 — added 44 so far
[2026-09-24 17:59:37]   48/51 — added 47 so far
[2026-09-24 17:59:37]   48/51 — added 47 so far
[2026-09-24 17:59:41]   51/51 — added 50 so far
[2026-09-24 17:59:41]   51/51 — added 50 so far
[2026-09-24 17:59:41] done: 50 spell(s) written to PHB_spells_extracted.json — fold with `scripts/append_extraction.py PHB`
[2026-09-24 17:59:41] done: 50 spell(s) written to PHB_spells_extracted.json — fold with `scripts/append_extraction.py PHB`
